<html>
<head>
<title>Hello World!</title>
</head>
<body>
	<table>
		<thead>
			<tr>
				<th>Company Name</th>
				<th>PO Box</th>
				<th>Established</th>
				<th>Director</th>
				<th>Department</th>
			</tr>
		</thead>
		<tbody>
			<tr>
				<td>John Smith</td>
				<td>
					<table>
						<tr><td>HR</td><td>Kristina Aguilera</td></tr>
						<tr><td>ICT</td><td>Woody Harrelson</td></tr>
						<tr><td>Sales</td><td>Robert de Niro</td></tr>
					</table>
				</td>
			</tr>
		</tbody>
	</table>
</body>
</html>