<html>
<body>

<p>I must not be ditched</p>
</body>
</html>