<html>
<body>

<p>I must not be ditched</p>
bar</body>
</html>